
> kyushoku-okawari-sodatsusen@0.1.0 preview
> vite preview --host 0.0.0.0 --port 4174

Port 4174 is in use, trying another one...
Port 4175 is in use, trying another one...
Port 4176 is in use, trying another one...
Port 4177 is in use, trying another one...
Port 4178 is in use, trying another one...
Port 4179 is in use, trying another one...
Port 4180 is in use, trying another one...
Port 4181 is in use, trying another one...
Port 4182 is in use, trying another one...
Port 4183 is in use, trying another one...
Port 4184 is in use, trying another one...
Port 4185 is in use, trying another one...
Port 4186 is in use, trying another one...
Port 4187 is in use, trying another one...
Port 4188 is in use, trying another one...
Port 4189 is in use, trying another one...
Port 4190 is in use, trying another one...
  [32m➜[39m  [1mLocal[22m:   [36mhttp://localhost:[1m4191[22m/[39m
  [32m➜[39m  [1mNetwork[22m: [36mhttp://192.168.11.21:[1m4191[22m/[39m
[2m[32m  ➜[39m[22m[2m  press [22m[1mh + enter[22m[2m to show help[22m
